Initialized native services in: C:\Users\Ronan\.gradle\native
Initialized jansi services in: C:\Users\Ronan\.gradle\native
The client will now receive all logging from the daemon (pid: 11084). The daemon log file: C:\Users\Ronan\.gradle\daemon\8.12.1\daemon-11084.out.log
Starting 26th build in daemon [uptime: 1 hrs 50 mins 16.199 secs, performance: 100%, GC rate: 0.00/s, heap usage: 1% of 512 MiB, non-heap usage: 43% of 384 MiB]
Using 12 worker leases.
Now considering [C:\Users\Ronan\Desktop\Algorithm_Benchmarker] as hierarchies to watch
Reusing configuration cache.
Now considering [C:\Users\Ronan\Desktop\Algorithm_Benchmarker] as hierarchies to watch
Watching the file system is configured to be enabled if available
File system watching is active
Using local directory build cache for the root build (location = C:\Users\Ronan\.gradle\caches\build-cache-1, remove unused entries = after 7 days).
Tasks to be executed: [task ':clean', task ':compileJava', task ':processResources', task ':classes', task ':jar', task ':startScripts', task ':distTar', task ':distZip', task ':assemble', task ':compileTestJava', task ':processTestResources', task ':testClasses', task ':test', task ':check', task ':build']
Tasks that were excluded: []
Resolve mutations for :clean (Thread[#1007,Execution worker,5,main]) started.
:clean (Thread[#1015,Execution worker Thread 9,5,main]) started.
destroyer locations for task group 0 (Thread[#1016,Execution worker Thread 10,5,main]) started.
Resolve mutations for :compileJava (Thread[#1016,Execution worker Thread 10,5,main]) started.
Resolve mutations for :processResources (Thread[#1012,Execution worker Thread 6,5,main]) started.
Resolve mutations for :processTestResources (Thread[#1011,Execution worker Thread 5,5,main]) started.

> Task :clean
Caching disabled for task ':clean' because:
  Deletion cannot be cached
Task ':clean' is not up-to-date because:
  Task has not declared any outputs despite executing actions.
:compileJava (Thread[#1015,Execution worker Thread 9,5,main]) started.
:processResources (Thread[#1016,Execution worker Thread 10,5,main]) started.
:processTestResources (Thread[#1012,Execution worker Thread 6,5,main]) started.

> Task :processResources NO-SOURCE
Skipping task ':processResources' as it has no source files and no previous output files.

> Task :processTestResources NO-SOURCE
Skipping task ':processTestResources' as it has no source files and no previous output files.

> Task :compileJava FROM-CACHE
Build cache key for task ':compileJava' is 20da23971beee559c5b89e6bf1deb1af
Task ':compileJava' is not up-to-date because:
  Output property 'destinationDirectory' file C:\Users\Ronan\Desktop\Algorithm_Benchmarker\build\classes\java\main has been removed.
  Output property 'destinationDirectory' file C:\Users\Ronan\Desktop\Algorithm_Benchmarker\build\classes\java\main\ie has been removed.
  Output property 'destinationDirectory' file C:\Users\Ronan\Desktop\Algorithm_Benchmarker\build\classes\java\main\ie\ronanodea has been removed.
  and more...
Loaded cache entry for task ':compileJava' with cache key 20da23971beee559c5b89e6bf1deb1af
Resolve mutations for :classes (Thread[#1015,Execution worker Thread 9,5,main]) started.
:classes (Thread[#1015,Execution worker Thread 9,5,main]) started.

> Task :classes UP-TO-DATE
Skipping task ':classes' as it has no actions.
Resolve mutations for :jar (Thread[#1008,Execution worker Thread 2,5,main]) started.
Resolve mutations for :compileTestJava (Thread[#1010,Execution worker Thread 4,5,main]) started.
:jar (Thread[#1008,Execution worker Thread 2,5,main]) started.
:compileTestJava (Thread[#1016,Execution worker Thread 10,5,main]) started.

> Task :jar
Caching disabled for task ':jar' because:
  Not worth caching
Task ':jar' is not up-to-date because:
  Output property 'archiveFile' file C:\Users\Ronan\Desktop\Algorithm_Benchmarker\build\libs\algorithm-benchmaker-project-1.0-SNAPSHOT.jar has been removed.
file or directory 'C:\Users\Ronan\Desktop\Algorithm_Benchmarker\build\resources\main', not found
Resolve mutations for :startScripts (Thread[#1008,Execution worker Thread 2,5,main]) started.
:startScripts (Thread[#1008,Execution worker Thread 2,5,main]) started.

> Task :startScripts
Caching disabled for task ':startScripts' because:
  Not worth caching
Task ':startScripts' is not up-to-date because:
  Output property 'outputDir' file C:\Users\Ronan\Desktop\Algorithm_Benchmarker\build\scripts has been removed.
  Output property 'outputDir' file C:\Users\Ronan\Desktop\Algorithm_Benchmarker\build\scripts\algorithm-benchmaker-project has been removed.
  Output property 'outputDir' file C:\Users\Ronan\Desktop\Algorithm_Benchmarker\build\scripts\algorithm-benchmaker-project.bat has been removed.
Resolve mutations for :distTar (Thread[#1008,Execution worker Thread 2,5,main]) started.
Resolve mutations for :distZip (Thread[#1010,Execution worker Thread 4,5,main]) started.
:distTar (Thread[#1008,Execution worker Thread 2,5,main]) started.
:distZip (Thread[#1011,Execution worker Thread 5,5,main]) started.

> Task :distTar
Caching disabled for task ':distTar' because:
  Not worth caching
Task ':distTar' is not up-to-date because:
  Output property 'archiveFile' file C:\Users\Ronan\Desktop\Algorithm_Benchmarker\build\distributions\algorithm-benchmaker-project-1.0-SNAPSHOT.tar has been removed.
file or directory 'C:\Users\Ronan\Desktop\Algorithm_Benchmarker\src\main\dist', not found
file or directory 'C:\Users\Ronan\Desktop\Algorithm_Benchmarker\src\dist', not found

> Task :compileTestJava FAILED
Build cache key for task ':compileTestJava' is 35eddc1a18eb4116581973ab8f899e38
Task ':compileTestJava' is not up-to-date because:
  Task has failed previously.
The input changes require a full rebuild for incremental task ':compileTestJava'.
Compilation mode: in-process compilation
Full recompilation is required because no incremental change information is available. This is usually caused by clean builds or changing compiler arguments.
Compiling with toolchain 'C:\Program Files\Java\jdk-21'.
Compiling with JDK Java compiler API.
./gradlew : C:\Users\Ronan\Desktop\Algorithm_Benchmarker\src\test\java\org\example\AppTest.java:11: error: cannot find 
symbol
At line:1 char:1
+ ./gradlew clean build --info *> build_output.txt
+ ~~~~~~~~~~~~~~~~~~~~~~~~~~~~~~~~~~~~~~~~~~~~~~~~
    + CategoryInfo          : NotSpecified: (C:\Users\Ronan\...not find symbol:String) [], RemoteException
    + FullyQualifiedErrorId : NativeCommandError
 
        App classUnderTest = new App();
        ^
  symbol:   class App
  location: class AppTest
C:\Users\Ronan\Desktop\Algorithm_Benchmarker\src\test\java\org\example\AppTest.java:11: error: cannot find symbol
        App classUnderTest = new App();
                                 ^
  symbol:   class App
  location: class AppTest
2 errors

> Task :distZip
Caching disabled for task ':distZip' because:
  Not worth caching
Task ':distZip' is not up-to-date because:
  Output property 'archiveFile' file C:\Users\Ronan\Desktop\Algorithm_Benchmarker\build\distributions\algorithm-benchmaker-project-1.0-SNAPSHOT.zip has been removed.
file or directory 'C:\Users\Ronan\Desktop\Algorithm_Benchmarker\src\main\dist', not found
file or directory 'C:\Users\Ronan\Desktop\Algorithm_Benchmarker\src\dist', not found

[Incubating] Problems report is available at: file:///C:/Users/Ronan/Desktop/Algorithm_Benchmarker/build/reports/problems/problems-report.html

FAILURE: Build failed with an exception.

* What went wrong:
Execution failed for task ':compileTestJava'.
> Compilation failed; see the compiler output below.
  C:\Users\Ronan\Desktop\Algorithm_Benchmarker\src\test\java\org\example\AppTest.java:11: error: cannot find symbol
          App classUnderTest = new App();
          ^
    symbol:   class App
    location: class AppTest
  C:\Users\Ronan\Desktop\Algorithm_Benchmarker\src\test\java\org\example\AppTest.java:11: error: cannot find symbol
          App classUnderTest = new App();
                                   ^
    symbol:   class App
    location: class AppTest
  2 errors

* Try:
> Check your code and dependencies to fix the compilation error(s)
> Run with --scan to get full insights.

BUILD FAILED in 796ms
7 actionable tasks: 6 executed, 1 from cache
Watched directory hierarchies: [C:\Users\Ronan\Desktop\Algorithm_Benchmarker]
Configuration cache entry reused.
